node.exe : npm warn Unknown env config "devdir". This will stop working in the next major version of npm. See `npm 
help npmrc` for supported config options.
At line:1 char:1
+ & "C:\Program Files\nodejs/node.exe" "C:\Users\info\AppData\Roaming\n ...
+ ~~~~~~~~~~~~~~~~~~~~~~~~~~~~~~~~~~~~~~~~~~~~~~~~~~~~~~~~~~~~~~~~~~~~~
    + CategoryInfo          : NotSpecified: (npm warn Unknow...config options.:String) [], RemoteException
    + FullyQualifiedErrorId : NativeCommandError
 

> appzoro@0.1.0 build
> cross-env NODE_ENV=production next build

Γû▓ Next.js 16.2.6 (Turbopack)
- Environments: .env.production, .env
- Experiments (use with caution):
  ┬╖ optimizePackageImports

ΓÜá The "middleware" file convention is deprecated. Please use "proxy" instead. Learn more: 
https://nextjs.org/docs/messages/middleware-to-proxy
  Running TypeScript ...
  Finished TypeScript in 89ms ...
  Creating an optimized production build ...
Γ£ô Compiled successfully in 12.8s
  Collecting page data using 15 workers ...
  Generating static pages using 15 workers (0/137) ...
  Generating static pages using 15 workers (34/137) 
  Generating static pages using 15 workers (68/137) 
  Generating static pages using 15 workers (102/137) 
Γ£ô Generating static pages using 15 workers (137/137) in 5.3s
  Finalizing page optimization ...

Route (pages)                                              Revalidate  Expire
Γöî ΓùÅ / (2088 ms)                                                    5m      1y
Γö£   /_app
Γö£ ΓùÅ /[slug] (7528 ms)                                              1m      1y
Γöé Γö£ /custom-fintech-software-development (986 ms)
Γöé Γö£ /custom-llm-development (947 ms)
Γöé Γö£ /transportation-app-development (947 ms)
Γöé Γö£ /fintech-app-development (946 ms)
Γöé Γö£ /wellness-app-development (946 ms)
Γöé Γö£ /salon-app-development (946 ms)
Γöé Γö£ /fitness-app-development (945 ms)
Γöé Γöö /transportation-software-development-company (865 ms)
Γö£ Γùï /404
Γö£ Γùï /500 (379 ms)
Γö£ ΓùÅ /about-us
Γö£ Γùï /admin
Γö£ Γùï /admin/about-us
Γö£ ╞Æ /admin/blogs
Γö£ ╞Æ /admin/blogs/[id]
Γö£ Γùï /admin/blogs/archives
Γö£ Γùï /admin/blogs/categories (301 ms)
Γö£ Γùï /admin/blogs/categories/[id]
Γö£ Γùï /admin/blogs/writers
Γö£ Γùï /admin/blogs/writers/[id]
Γö£ Γùï /admin/career
Γö£ Γùï /admin/career/[id]
Γö£ Γùï /admin/case-study
Γö£ Γùï /admin/case-study/[id]
Γö£ Γùï /admin/client-reviews
Γö£ Γùï /admin/client-reviews/[id]
Γö£ Γùï /admin/country-pages
Γö£ Γùï /admin/country-pages/[id]
Γö£ Γùï /admin/country-pages/location-common-services
Γö£ Γùï /admin/country-pages/location-common-services/[id]
Γö£ Γùï /admin/country-pages/location-data
Γö£ Γùï /admin/country-pages/location-data/[id]
Γö£ Γùï /admin/homepage
Γö£ Γùï /admin/industries
Γö£ Γùï /admin/industry/[id]
Γö£ Γùï /admin/industry/create
Γö£ Γùï /admin/industry/industry-names
Γö£ Γùï /admin/industry/industry-names/[id]
Γö£ Γùï /admin/industry/industry-names/create
Γö£ Γùï /admin/login
Γö£ Γùï /admin/portfolios
Γö£ Γùï /admin/portfolios/[id]
Γö£ Γùï /admin/portfolios/industries
Γö£ Γùï /admin/portfolios/industries/[id] (382 ms)
Γö£ Γùï /admin/portfolios/tech-stacks (378 ms)
Γö£ Γùï /admin/portfolios/tech-stacks/[id]
Γö£ Γùï /admin/portfolios/technologies (384 ms)
Γö£ Γùï /admin/portfolios/technologies/[id] (380 ms)
Γö£ Γùï /admin/press
Γö£ Γùï /admin/press/[id] (382 ms)
Γö£ Γùï /admin/products (380 ms)
Γö£ Γùï /admin/products/[id]
Γö£ Γùï /admin/seo/robots-txt (379 ms)
Γö£ Γùï /admin/seo/sitemaps
Γö£ Γùï /admin/seo/sitemaps/[id]
Γö£ Γùï /admin/seo/url-redirections
Γö£ Γùï /admin/seo/url-redirections/[id]
Γö£ ╞Æ /admin/services
Γö£ ╞Æ /admin/services/[id]
Γö£ Γùï /admin/technology
Γö£ Γùï /admin/technology/[id]
Γö£ Γùï /admin/users
Γö£ Γùï /admin/users/[id]
Γö£ Γùï /admin/users/create
Γö£ ╞Æ /blog
Γö£ ╞Æ /blog/[slug]
Γö£ ╞Æ /blog/archives/[slug]
Γö£ Γùï /blog/BlogAuthorDetails
Γö£ Γùï /blog/BlogCardBox
Γö£ Γùï /blog/BlogComment
Γö£ Γùï /blog/BlogFaq
Γö£ Γùï /blog/BlogTags
Γö£ ╞Æ /blog/categories/[slug]
Γö£ Γùï /blog/CategoriesFilter
Γö£ Γùï /blog/RecentPosts
Γö£ Γùï /blog/SidebarArchives
Γö£ Γùï /blog/SidebarCategories
Γö£ Γùï /blog/TableContentView
Γö£ Γùï /blog/TableOfContentData
Γö£ Γùï /blog/TableOfContentsList
Γö£ ╞Æ /cache/[slug]
Γö£ ╞Æ /career
Γö£ ╞Æ /career/[slug]
Γö£ ╞Æ /case-study
Γö£ ΓùÅ /case-study/[slug] (66083 ms)                                  1m      1y
Γöé Γö£ /case-study/medcraze (3342 ms)
Γöé Γö£ /case-study/hotspawts (3295 ms)
Γöé Γö£ /case-study/radio-trax (3004 ms)
Γöé Γö£ /case-study/fitness-bank (2987 ms)
Γöé Γö£ /case-study/imsafenow (2867 ms)
Γöé Γö£ /case-study/fugleam (2802 ms)
Γöé Γö£ /case-study/get-sound (2557 ms)
Γöé Γöö [+37 more paths] (avg 1222 ms)
Γö£ Γùï /case-study/FeatureCaseStudy
Γö£ Γùï /case-study/PDFDownload
Γö£ Γùï /case-study/PoertfolioImagesSlider
Γö£ Γùï /case-study/PortfolioItem
Γö£ Γùï /case-study/PortfolioTechStack
Γö£ ΓùÅ /contact-us
Γö£ ╞Æ /getting-started
Γö£ ΓùÅ /getting-started/[slug] (1646 ms)                              5m      1y
Γöé Γö£ /getting-started/start-ups (593 ms)
Γöé Γö£ /getting-started/enterprises (593 ms)
Γöé Γöö /getting-started/mvp (460 ms)
Γö£ ╞Æ /hire-developer
Γö£ ╞Æ /hire-developer/[slug]
Γö£ Γùï /homePage
Γö£ Γùï /homePage/AwardDev
Γö£ Γùï /homePage/HomeAnimation
Γö£ Γùï /homePage/HomeContent
Γö£ Γùï /homePage/HomeServicesCarousel
Γö£ ╞Æ /industry
Γö£ ╞Æ /industry/[slug]
Γö£ ╞Æ /locations
Γö£ ╞Æ /locations/[slug]
Γö£ ΓùÅ /mobile-and-software-development-services                      5m      1y
Γö£ ╞Æ /press-release
Γö£ ╞Æ /press-release/[slug]
Γö£ ΓùÅ /privacy
Γö£ ╞Æ /services
Γö£ ╞Æ /services/[slug]
Γö£ ╞Æ /services/preview/[id]
Γö£ ΓùÅ /sitemap
Γö£ ╞Æ /sitemap.xml
Γö£ ΓùÅ /team
Γö£ ╞Æ /technology
Γö£ ╞Æ /technology/[slug]
Γö£ ΓùÅ /terms
Γöö ΓùÅ /thank-you

╞Æ Proxy (Middleware)

Γùï  (Static)   prerendered as static content
ΓùÅ  (SSG)      prerendered as static HTML (uses getStaticProps)
╞Æ  (Dynamic)  server-rendered on demand

